// Jest Snapshot v1, https://goo.gl/fbAQLP

exports[`should take a snapshot 1`] = `
<DocumentFragment>
  <div
    class="container mx-auto"
    data-testid="post-list"
  >
    <h1
      class="text-2xl leading-loose"
    >
      Sortable Post List
    </h1>
  </div>
</DocumentFragment>
`;
